t1 started 23
created thread 1.
t1 started 2
added 1! (24)
created thread 2.
added 1! (3)
t1: done result=24
joined #1 --> 24.
t1: done result=3
joined #2 --> 3.
